================================================================================================
C10R -- realized vs nominal maximum step, tested on a held-out stream
================================================================================================

================================================================================================
STAGE 1 -- FIT on Jane (re-analysis of committed artifacts; NOT a test)
================================================================================================
  Jane per-row thresholds: M=0.5:8.671  M=1:9.055  M=2:12.806  M=4:14.583  M=8:13.373  M=16:11.743
  reference config (lr=0.5, M=8), pooled over 9 held-out windows
  Jane reference r-quantiles: p50=0.670  p90=2.256  p99=5.588  max=49.926

  spread of P* (nominal, no free parameter) = 1.6818
    q=p50  r_q=  0.670   spread of R* = 17.6308   (no better than P)
    q=p90  r_q=  2.256   spread of R* = 7.7338   (no better than P)
    q=p99  r_q=  5.588   spread of R* = 3.5556   (no better than P)
    q=max  r_q= 49.926   spread of R* = 1.6818   (no better than P)

  q* = max   (Jane spread 1.6818 vs P's 1.6818)
  STAGE-1 DEGENERACY: no q in the grid improves on P. C-8 fails on its own
  generating data. Registered rule: stage 2 still runs with the argmin q*.

================================================================================================
STAGE 2 -- TEST on crypto (BTC/USDT 1h), q* frozen from stage 1
================================================================================================
  n=76888 bars 2017-09-15..2025-03-11   10 windows x 6000 bars
  crypto reference config (lr=0.5, M=8) stable on all windows
  crypto reference r-quantiles: p50=0.614  p90=2.278  p99=7.033  max=77.857   bind_rate=0.0072

  [bisecting under primary: crypto peak>1e3]

  --- primary: crypto peak>1e3 ---
    M=0.25   RIGHT_CENSORED -- excluded
    M=0.5    RIGHT_CENSORED -- excluded
    M=1      RIGHT_CENSORED -- excluded
    M=2      RIGHT_CENSORED -- excluded
    M=4      RIGHT_CENSORED -- excluded
    M=8      RIGHT_CENSORED -- excluded
    M=16     RIGHT_CENSORED -- excluded
    M=32     RIGHT_CENSORED -- excluded
  SPREAD VOID (censored=8, usable=0)

  [bisecting under secondary: Jane _diverged]

  --- secondary: Jane _diverged ---
    M=0.25   P* =   6.6009  bracket [6.5830, 6.6188]
    M=0.5    P* =   6.9305  bracket [6.9118, 6.9493]
    M=1      P* =   7.5989  bracket [7.5783, 7.6195]
    M=2      P* =  11.3444  bracket [11.3137, 11.3751]
    M=4      P* =  14.5534  bracket [14.5140, 14.5928]
    M=8      P* =  18.6701  bracket [18.6196, 18.7207]
    M=16     P* =  28.0241  bracket [27.9483, 28.1000]
    M=32     P* =  37.9517  bracket [37.8491, 38.0546]
    R* (q*=max, r_q=77.857): M=0.25:6.601  M=0.5:6.931  M=1:7.599  M=2:11.344  M=4:14.553  M=8:18.670  M=16:28.024  M=32:37.952
    spread_P  = 5.7495   (nominal max step, no free parameter)
    spread_R  = 5.7495   (realized max step, q* fitted on Jane)
    spread_lr = 22.2628   (pure rate, reference point)
    ratio = spread_R / spread_P = 1.0000
    REGISTERED VERDICT: H5 FALSIFIED (ratio >= 1.00)