================================================================================================
C10T -- clean test of C-8 on synthetic streams (q frozen = p99)
tails [1.3, 1.5, 2.0], 10 independent streams, T=20000, d=5, 8 rays, bracket [0.5, 128.0]
================================================================================================

================================================================================================
INSTRUMENTATION VALIDITY GATE (vs anchor_perrow / _step)
================================================================================================
  lr=0.5  M=0.5   instrumented=+0.0002666674 harness=+0.0002666674 diff=0.00e+00
  lr=2    M=2     instrumented=+0.0002731157 harness=+0.0002731157 diff=0.00e+00
  lr=3    M=5     instrumented=+0.0002631896 harness=+0.0002631896 diff=0.00e+00
  lr=8    M=16    instrumented=-0.0003862386 harness=-0.0003862386 diff=0.00e+00
  GATE PASSED (worst diff 0.00e+00 <= 1e-09)

########## TAIL INDEX p = 1.3 ##########
    reference (lr=0.5, M=8) stable; r-quantiles: p50=0.476  p90=2.406  p99=14.760  max=4161.746

  --- p=1.3  primary: state-based max||w||>1e8 ---
    M=0.25   RIGHT_CENSORED -- excluded
    M=0.5    RIGHT_CENSORED -- excluded
    M=1      RIGHT_CENSORED -- excluded
    M=2      RIGHT_CENSORED -- excluded
    M=4      RIGHT_CENSORED -- excluded
    M=8      RIGHT_CENSORED -- excluded
    M=16     RIGHT_CENSORED -- excluded
    M=32     RIGHT_CENSORED -- excluded
    SPREAD VOID (censored=8, usable=0)

  --- p=1.3  secondary: Jane _diverged ---
    M=0.25   LEFT_CENSORED -- excluded
    M=0.5    LEFT_CENSORED -- excluded
    M=1      LEFT_CENSORED -- excluded
    M=2      LEFT_CENSORED -- excluded
    M=4      LEFT_CENSORED -- excluded
    M=8      LEFT_CENSORED -- excluded
    M=16     LEFT_CENSORED -- excluded
    M=32     LEFT_CENSORED -- excluded
    SPREAD VOID (censored=8, usable=0)

########## TAIL INDEX p = 1.5 ##########
    reference (lr=0.5, M=8) stable; r-quantiles: p50=0.518  p90=2.368  p99=11.663  max=1638.388

  --- p=1.5  primary: state-based max||w||>1e8 ---
    M=0.25   RIGHT_CENSORED -- excluded
    M=0.5    RIGHT_CENSORED -- excluded
    M=1      RIGHT_CENSORED -- excluded
    M=2      RIGHT_CENSORED -- excluded
    M=4      RIGHT_CENSORED -- excluded
    M=8      RIGHT_CENSORED -- excluded
    M=16     RIGHT_CENSORED -- excluded
    M=32     RIGHT_CENSORED -- excluded
    SPREAD VOID (censored=8, usable=0)

  --- p=1.5  secondary: Jane _diverged ---
    M=0.25   LEFT_CENSORED -- excluded
    M=0.5    LEFT_CENSORED -- excluded
    M=1      LEFT_CENSORED -- excluded
    M=2      LEFT_CENSORED -- excluded
    M=4      LEFT_CENSORED -- excluded
    M=8      LEFT_CENSORED -- excluded
    M=16     LEFT_CENSORED -- excluded
    M=32     LEFT_CENSORED -- excluded
    SPREAD VOID (censored=8, usable=0)

########## TAIL INDEX p = 2.0 ##########
    reference (lr=0.5, M=8) stable; r-quantiles: p50=0.590  p90=2.313  p99=8.020  max=262.867

  --- p=2.0  primary: state-based max||w||>1e8 ---
    M=0.25   RIGHT_CENSORED -- excluded
    M=0.5    RIGHT_CENSORED -- excluded
    M=1      RIGHT_CENSORED -- excluded
    M=2      RIGHT_CENSORED -- excluded
    M=4      RIGHT_CENSORED -- excluded
    M=8      RIGHT_CENSORED -- excluded
    M=16     RIGHT_CENSORED -- excluded
    M=32     RIGHT_CENSORED -- excluded
    SPREAD VOID (censored=8, usable=0)

  --- p=2.0  secondary: Jane _diverged ---
    M=0.25   LEFT_CENSORED -- excluded
    M=0.5    LEFT_CENSORED -- excluded
    M=1      LEFT_CENSORED -- excluded
    M=2      LEFT_CENSORED -- excluded
    M=4      LEFT_CENSORED -- excluded
    M=8      LEFT_CENSORED -- excluded
    M=16     LEFT_CENSORED -- excluded
    M=32     LEFT_CENSORED -- excluded
    SPREAD VOID (censored=8, usable=0)

================================================================================================
REGISTERED SANITY EXPECTATION AND H7
================================================================================================
  reference r_p99 by tail: p=1.3:14.760  p=1.5:11.663  p=2.0:8.020
  expected ordering r_p99(1.3) > r_p99(1.5) > r_p99(2.0): HOLDS
  state-criterion ratios: p=1.3:VOID  p=1.5:VOID  p=2.0:VOID