====================================================================================================
JANE CAP SWEEP under replication: per-row R^2 vs M across 10 frozen windows; rows<= 150000
====================================================================================================

[window 1] date[0,120)  n=150000
    EMA          (lr=2)  M1=+0.213 M2=+0.286 M3=+0.311 M5=+0.284 M7=+0.192 M10=-0.076 M15=-1.030 M1e+09=-63.353
    block-median (lr=3)  M1=+0.230 M2=+0.313 M3=+0.361 M5=+0.407 M7=+0.423 M10=+0.425 M15=+0.407 M1e+09=-85030878244942.812
    CM(b0.5,lr2) clip-check  tau600=+0.3652  tauinf=+0.3600  |d|=5.25e-03

[window 2] date[150,270)  n=150000
    EMA          (lr=2)  M1=+0.192 M2=+0.250 M3=+0.259 M5=+0.203 M7=+0.087 M10=-0.194 M15=-1.019 M1e+09=-429030221741.269
    block-median (lr=3)  M1=+0.207 M2=+0.285 M3=+0.323 M5=+0.353 M7=+0.360 M10=+0.359 M15=+0.352 M1e+09=-564.686
    CM(b0.5,lr2) clip-check  tau600=+0.3248  tauinf=+0.3181  |d|=6.73e-03

[window 3] date[300,420)  n=150000
    EMA          (lr=2)  M1=+0.195 M2=+0.253 M3=+0.251 M5=+0.142 M7=-0.079 M10=-0.696 M15=-2.950 M1e+09=-96658560660799.844
    block-median (lr=3)  M1=+0.183 M2=+0.264 M3=+0.305 M5=+0.335 M7=+0.340 M10=+0.335 M15=+0.321 M1e+09=-867088379.634
    CM(b0.5,lr2) clip-check  tau600=+0.3089  tauinf=+0.3007  |d|=8.11e-03

[window 4] date[450,570)  n=150000
    EMA          (lr=2)  M1=+0.214 M2=+0.263 M3=+0.264 M5=+0.197 M7=+0.069 M10=-0.232 M15=-1.093 M1e+09=-7099982.254
    block-median (lr=3)  M1=+0.220 M2=+0.282 M3=+0.309 M5=+0.327 M7=+0.327 M10=+0.322 M15=+0.311 M1e+09=-2410.840
    CM(b0.5,lr2) clip-check  tau600=+0.3096  tauinf=+0.3093  |d|=2.89e-04

[window 5] date[600,720)  n=150000
    EMA          (lr=2)  M1=+0.209 M2=+0.245 M3=+0.233 M5=+0.146 M7=-0.017 M10=-0.423 M15=-1.716 M1e+09=-538.598
    block-median (lr=3)  M1=+0.198 M2=+0.248 M3=+0.270 M5=+0.284 M7=+0.284 M10=+0.279 M15=+0.271 M1e+09=+0.251
    CM(b0.5,lr2) clip-check  tau600=+0.2784  tauinf=+0.2675  |d|=1.09e-02

[window 6] date[750,870)  n=150000
    EMA          (lr=2)  M1=+0.216 M2=+0.241 M3=+0.233 M5=+0.106 M7=-0.141 M10=-0.925 M15=-3.333 M1e+09=-291402058950.265
    block-median (lr=3)  M1=+0.192 M2=+0.232 M3=+0.246 M5=+0.250 M7=+0.243 M10=+0.230 M15=+0.214 M1e+09=-3681413163585.517
    CM(b0.5,lr2) clip-check  tau600=+0.2598  tauinf=+0.2519  |d|=7.92e-03

[window 7] date[900,1020)  n=150000
    EMA          (lr=2)  M1=+0.230 M2=+0.242 M3=+0.161 M5=-0.106 M7=-0.567 M10=-1.717 M15=-5.386 M1e+09=-105067962594.160
    block-median (lr=3)  M1=+0.174 M2=+0.206 M3=+0.216 M5=+0.217 M7=+0.208 M10=+0.190 M15=+0.157 M1e+09=-1885388843.585
    CM(b0.5,lr2) clip-check  tau600=+0.2496  tauinf=+0.2204  |d|=2.92e-02

[window 8] date[1050,1170)  n=150000
    EMA          (lr=2)  M1=+0.221 M2=+0.237 M3=+0.204 M5=+0.044 M7=-0.259 M10=-0.803 M15=-2.626 M1e+09=-951855.627
    block-median (lr=3)  M1=+0.167 M2=+0.199 M3=+0.205 M5=+0.199 M7=+0.188 M10=+0.169 M15=+0.138 M1e+09=-37262470309795.984
    CM(b0.5,lr2) clip-check  tau600=+0.2310  tauinf=+0.2026  |d|=2.84e-02

[window 9] date[1200,1320)  n=150000
    EMA          (lr=2)  M1=+0.222 M2=+0.267 M3=+0.272 M5=+0.227 M7=+0.139 M10=-0.092 M15=-0.870 M1e+09=-913898934163053.250
    block-median (lr=3)  M1=+0.228 M2=+0.279 M3=+0.302 M5=+0.318 M7=+0.320 M10=+0.319 M15=+0.317 M1e+09=+0.315
    CM(b0.5,lr2) clip-check  tau600=+0.3044  tauinf=+0.2971  |d|=7.29e-03

[window 10] date[1350,1470)  n=150000
    EMA          (lr=2)  M1=+0.200 M2=+0.228 M3=+0.208 M5=+0.159 M7=+0.067 M10=-0.159 M15=-0.845 M1e+09=-56.801
    block-median (lr=3)  M1=+0.165 M2=+0.206 M3=+0.221 M5=+0.223 M7=+0.213 M10=+0.188 M15=+0.140 M1e+09=-967508749325349.250
    CM(b0.5,lr2) clip-check  tau600=+0.2394  tauinf=+0.2341  |d|=5.28e-03

====================================================================================================
ACROSS-WINDOW MEAN +- STD  R^2(M)  (per-row, frozen rate)
====================================================================================================

EMA (lr=2):
  M=1       mean=+0.2112  std=0.0118  [+0.1915,+0.2302]
  M=2       mean=+0.2513  std=0.0161  [+0.2276,+0.2858]
  M=3       mean=+0.2395  std=0.0396  [+0.1614,+0.3105]
  M=5       mean=+0.1402  std=0.1034  [-0.1059,+0.2845]
  M=7       mean=-0.0510  std=0.2150  [-0.5673,+0.1920]
  M=10      mean=-0.5317  std=0.4917  [-1.7174,-0.0761]
  M=15      mean=-2.0870  std=1.4097  [-5.3859,-0.8454]
  M=1e+09   mean=-101138300311963.5312  std=272445381927244.4688  [-913898934163053.2500,-56.8009]
  -> argmax finite-M = 2 (INTERIOR);  best-vs-M5 = +0.1111;  best-vs-uncapped = +101138300311963.7812;  std@best=0.0161
     interior cap optimum that BEATS M=5 and uncapped beyond +-1std across windows? YES -> cap buys accuracy on Jane (this tracker)

block-median (lr=3):
  M=1       mean=+0.1965  std=0.0230  [+0.1647,+0.2300]
  M=2       mean=+0.2514  std=0.0376  [+0.1993,+0.3132]
  M=3       mean=+0.2758  std=0.0497  [+0.2050,+0.3614]
  M=5       mean=+0.2913  std=0.0643  [+0.1991,+0.4067]
  M=7       mean=+0.2907  std=0.0727  [+0.1876,+0.4231]
  M=10      mean=+0.2817  std=0.0807  [+0.1687,+0.4255]
  M=15      mean=+0.2628  std=0.0903  [+0.1384,+0.4070]
  M=1e+09   mean=-109348626352387.1719  std=287251501984836.3125  [-967508749325349.2500,+0.3153]
  -> argmax finite-M = 5 (INTERIOR);  best-vs-M5 = +0.0000;  best-vs-uncapped = +109348626352387.4688;  std@best=0.0643
     interior cap optimum that BEATS M=5 and uncapped beyond +-1std across windows? NO -> flat/within-noise; cap mainly stability

----------------------------------------------------------------------------------------------------
CM airtight-clip check (beta=0.5, lr=2): max|R2(tau=600) - R2(tau=inf)| = 2.92e-02  (clip DOES bind at beta=0.5)
[saved results\research\cap_sweep_jane.csv]
