============================================================================================
CM WIDENED window-1 sweep date[0,120)  n=150000  tau<= 3000, lr<= 20
============================================================================================

########## per-row ##########
  beta=0    tau=50     lr0.5:+0.087 lr1:+0.141 lr2:+0.197 lr5:+0.201 lr10:-0.040 lr20:-1.271
  beta=0    tau=100    lr0.5:+0.087 lr1:+0.141 lr2:+0.197 lr5:+0.201 lr10:-0.040 lr20:-1.271
  beta=0    tau=300    lr0.5:+0.087 lr1:+0.141 lr2:+0.197 lr5:+0.201 lr10:-0.040 lr20:-1.271
  beta=0    tau=600    lr0.5:+0.087 lr1:+0.141 lr2:+0.197 lr5:+0.201 lr10:-0.040 lr20:-1.271
  beta=0    tau=1000   lr0.5:+0.087 lr1:+0.141 lr2:+0.197 lr5:+0.201 lr10:-0.040 lr20:-1.271
  beta=0    tau=3000   lr0.5:+0.087 lr1:+0.141 lr2:+0.197 lr5:+0.201 lr10:-0.040 lr20:-1.271
  beta=0.5  tau=50     lr0.5:+0.182 lr1:+0.262 lr2:+0.330 lr5:+0.238 lr10:-0.497 lr20:-3.692
  beta=0.5  tau=100    lr0.5:+0.192 lr1:+0.277 lr2:+0.349 lr5:+0.247 lr10:-0.457 lr20:-3.747
  beta=0.5  tau=300    lr0.5:+0.201 lr1:+0.289 lr2:+0.364 lr5:+0.259 lr10:-0.512 lr20:-3.523
  beta=0.5  tau=600    lr0.5:+0.202 lr1:+0.291 lr2:+0.365 lr5:+0.257 lr10:-0.546 lr20:-3.719
  beta=0.5  tau=1000   lr0.5:+0.202 lr1:+0.291 lr2:+0.359 lr5:+0.249 lr10:-0.540 lr20:-3.901
  beta=0.5  tau=3000   lr0.5:+0.202 lr1:+0.291 lr2:+0.360 lr5:+0.204 lr10:-0.700 lr20:-3.926
  --> optimum R2=+0.3652 at tau=600[interior] beta=0.5 lr=2[interior]

########## per-step ##########
  beta=0    tau=50     lr0.5:+0.130 lr1:+0.216 lr2:+0.316 lr5:+0.371 lr10:+0.053 lr20:-1.547
  beta=0    tau=100    lr0.5:+0.130 lr1:+0.216 lr2:+0.316 lr5:+0.371 lr10:+0.053 lr20:-1.546
  beta=0    tau=300    lr0.5:+0.130 lr1:+0.216 lr2:+0.316 lr5:+0.371 lr10:+0.052 lr20:-1.545
  beta=0    tau=600    lr0.5:+0.130 lr1:+0.216 lr2:+0.316 lr5:+0.371 lr10:+0.052 lr20:-1.545
  beta=0    tau=1000   lr0.5:+0.130 lr1:+0.216 lr2:+0.316 lr5:+0.371 lr10:+0.053 lr20:-1.545
  beta=0    tau=3000   lr0.5:+0.130 lr1:+0.216 lr2:+0.316 lr5:+0.371 lr10:+0.052 lr20:-1.546
  beta=0.5  tau=50     lr0.5:+0.117 lr1:+0.197 lr2:+0.295 lr5:+0.336 lr10:-0.055 lr20:-1.945
  beta=0.5  tau=100    lr0.5:+0.116 lr1:+0.197 lr2:+0.294 lr5:+0.331 lr10:-0.064 lr20:-1.969
  beta=0.5  tau=300    lr0.5:+0.114 lr1:+0.195 lr2:+0.290 lr5:+0.328 lr10:-0.090 lr20:-2.042
  beta=0.5  tau=600    lr0.5:+0.114 lr1:+0.195 lr2:+0.288 lr5:+0.309 lr10:-0.102 lr20:-2.130
  beta=0.5  tau=1000   lr0.5:+0.114 lr1:+0.195 lr2:+0.286 lr5:+0.306 lr10:-0.164 lr20:-2.146
  beta=0.5  tau=3000   lr0.5:+0.114 lr1:+0.195 lr2:+0.286 lr5:+0.282 lr10:-0.237 lr20:-2.465
  --> optimum R2=+0.3712 at tau=300[interior] beta=0 lr=5[interior]
